// Jest Snapshot v1, https://goo.gl/fbAQLP

exports[`should render Mass correctly 1`] = `
<TableRow
  imperialDropdown={
    Object {
      "onChange": [MockFunction],
      "options": Array [
        "lb",
        "oz",
      ],
      "value": "lb",
    }
  }
  imperialInput={
    Object {
      "onChange": [MockFunction],
      "value": "",
    }
  }
  metricDropdown={
    Object {
      "onChange": [MockFunction],
      "options": Array [
        "kg",
        "g",
      ],
      "value": "kg",
    }
  }
  metricInput={
    Object {
      "onChange": [MockFunction],
      "value": "",
    }
  }
/>
`;
