// Jest Snapshot v1, https://goo.gl/fbAQLP

exports[`should render Volume correctly 1`] = `
<TableRow
  imperialDropdown={
    Object {
      "onChange": [MockFunction],
      "options": Array [
        "gal",
        "qt",
        "pnt",
        "cup",
        "Tbs",
        "tsp",
      ],
      "value": "lb",
    }
  }
  imperialInput={
    Object {
      "onChange": [MockFunction],
      "value": "",
    }
  }
  metricDropdown={
    Object {
      "onChange": [MockFunction],
      "options": Array [
        "l",
        "ml",
      ],
      "value": "kg",
    }
  }
  metricInput={
    Object {
      "onChange": [MockFunction],
      "value": "",
    }
  }
/>
`;
