// Jest Snapshot v1, https://goo.gl/fbAQLP

exports[`should render MeasureConverter correctly 1`] = `
<ConverterComponent
  lengthProps={
    Object {
      "lengthState": Object {
        "imperialUnit": "in",
        "metricUnit": "cm",
      },
      "lengthUnitOptions": Object {
        "imperialUnitOptions": Array [
          "ft",
          "in",
        ],
        "metricUnitOptions": Array [
          "m",
          "cm",
          "mm",
        ],
      },
      "onImperialLengthChange": [Function],
      "onMetricLengthChange": [Function],
    }
  }
  massProps={
    Object {
      "massState": Object {
        "imperialUnit": "lb",
        "metricUnit": "kg",
      },
      "massUnitOptions": Object {
        "imperialUnitOptions": Array [
          "lb",
          "oz",
        ],
        "metricUnitOptions": Array [
          "kg",
          "g",
        ],
      },
      "onImperialMassChange": [Function],
      "onMetricMassChange": [Function],
    }
  }
  temperatureProps={
    Object {
      "onImperialTemperatureChange": [Function],
      "onMetricTemperatureChange": [Function],
      "temperatureState": Object {
        "imperialTemperature": "",
        "metricTemperature": "",
      },
    }
  }
  volumeProps={
    Object {
      "onImperialVolumeChange": [Function],
      "onMetricVolumeChange": [Function],
      "volumeState": Object {
        "imperialUnit": "Tbs",
        "metricUnit": "ml",
      },
      "volumeUnitOptions": Object {
        "imperialUnitOptions": Array [
          "gal",
          "qt",
          "pnt",
          "cup",
          "Tbs",
          "tsp",
        ],
        "metricUnitOptions": Array [
          "l",
          "ml",
        ],
      },
    }
  }
/>
`;
