// Jest Snapshot v1, https://goo.gl/fbAQLP

exports[`should render Length correctly 1`] = `
<TableRow
  imperialDropdown={
    Object {
      "onChange": [MockFunction],
      "options": Array [
        "ft",
        "in",
      ],
      "value": "lb",
    }
  }
  imperialInput={
    Object {
      "onChange": [MockFunction],
      "value": "",
    }
  }
  metricDropdown={
    Object {
      "onChange": [MockFunction],
      "options": Array [
        "m",
        "cm",
        "mm",
      ],
      "value": "kg",
    }
  }
  metricInput={
    Object {
      "onChange": [MockFunction],
      "value": "",
    }
  }
/>
`;
