// Jest Snapshot v1, https://goo.gl/fbAQLP

exports[`should render MeasureConverter correctly 1`] = `
<ConverterComponent
  lengthProps={
    Object {
      "lengthState": Object {
        "imperialLength": "",
        "imperialUnit": "in",
        "metricLength": "",
        "metricUnit": "cm",
      },
      "onImperialLengthChange": [Function],
      "onMetricLengthChange": [Function],
    }
  }
  massProps={
    Object {
      "mass": Object {
        "imperialMass": "",
        "imperialUnit": "lb",
        "metricMass": "",
        "metricUnit": "kg",
      },
      "onImperialMassChange": [Function],
      "onMetricMassChange": [Function],
    }
  }
  temperatureProps={
    Object {
      "onImperialTemperatureChange": [Function],
      "onMetricTemperatureChange": [Function],
      "temperatureState": Object {
        "imperialTemperature": "",
        "metricTemperature": "",
      },
    }
  }
  volumeProps={
    Object {
      "onImperialVolumeChange": [Function],
      "onMetricVolumeChange": [Function],
      "volumeState": Object {
        "imperialUnit": "Tbs",
        "imperialVolume": "",
        "metricUnit": "ml",
        "metricVolume": "",
      },
    }
  }
/>
`;
